Archive member included to satisfy reference by file (symbol)

c:/st/stm32cubeide_1.4.0/stm32cubeide/plugins/com.st.stm32cube.ide.mcu.externaltools.gnu-tools-for-stm32.7-2018-q2-update.win32_1.4.0.202007081208/tools/bin/../lib/gcc/arm-none-eabi/7.3.1/../../../../arm-none-eabi/lib/thumb/v7-m\libc_nano.a(lib_a-errno.o)
                              Src/syscalls.o (__errno)
c:/st/stm32cubeide_1.4.0/stm32cubeide/plugins/com.st.stm32cube.ide.mcu.externaltools.gnu-tools-for-stm32.7-2018-q2-update.win32_1.4.0.202007081208/tools/bin/../lib/gcc/arm-none-eabi/7.3.1/../../../../arm-none-eabi/lib/thumb/v7-m\libc_nano.a(lib_a-exit.o)
                              c:/st/stm32cubeide_1.4.0/stm32cubeide/plugins/com.st.stm32cube.ide.mcu.externaltools.gnu-tools-for-stm32.7-2018-q2-update.win32_1.4.0.202007081208/tools/bin/../lib/gcc/arm-none-eabi/7.3.1/../../../../arm-none-eabi/lib/thumb/v7-m/crt0.o (exit)
c:/st/stm32cubeide_1.4.0/stm32cubeide/plugins/com.st.stm32cube.ide.mcu.externaltools.gnu-tools-for-stm32.7-2018-q2-update.win32_1.4.0.202007081208/tools/bin/../lib/gcc/arm-none-eabi/7.3.1/../../../../arm-none-eabi/lib/thumb/v7-m\libc_nano.a(lib_a-impure.o)
                              c:/st/stm32cubeide_1.4.0/stm32cubeide/plugins/com.st.stm32cube.ide.mcu.externaltools.gnu-tools-for-stm32.7-2018-q2-update.win32_1.4.0.202007081208/tools/bin/../lib/gcc/arm-none-eabi/7.3.1/../../../../arm-none-eabi/lib/thumb/v7-m\libc_nano.a(lib_a-exit.o) (_global_impure_ptr)
c:/st/stm32cubeide_1.4.0/stm32cubeide/plugins/com.st.stm32cube.ide.mcu.externaltools.gnu-tools-for-stm32.7-2018-q2-update.win32_1.4.0.202007081208/tools/bin/../lib/gcc/arm-none-eabi/7.3.1/../../../../arm-none-eabi/lib/thumb/v7-m\libc_nano.a(lib_a-init.o)
                              c:/st/stm32cubeide_1.4.0/stm32cubeide/plugins/com.st.stm32cube.ide.mcu.externaltools.gnu-tools-for-stm32.7-2018-q2-update.win32_1.4.0.202007081208/tools/bin/../lib/gcc/arm-none-eabi/7.3.1/../../../../arm-none-eabi/lib/thumb/v7-m/crt0.o (__libc_init_array)
c:/st/stm32cubeide_1.4.0/stm32cubeide/plugins/com.st.stm32cube.ide.mcu.externaltools.gnu-tools-for-stm32.7-2018-q2-update.win32_1.4.0.202007081208/tools/bin/../lib/gcc/arm-none-eabi/7.3.1/../../../../arm-none-eabi/lib/thumb/v7-m\libc_nano.a(lib_a-memset.o)
                              c:/st/stm32cubeide_1.4.0/stm32cubeide/plugins/com.st.stm32cube.ide.mcu.externaltools.gnu-tools-for-stm32.7-2018-q2-update.win32_1.4.0.202007081208/tools/bin/../lib/gcc/arm-none-eabi/7.3.1/../../../../arm-none-eabi/lib/thumb/v7-m/crt0.o (memset)
c:/st/stm32cubeide_1.4.0/stm32cubeide/plugins/com.st.stm32cube.ide.mcu.externaltools.gnu-tools-for-stm32.7-2018-q2-update.win32_1.4.0.202007081208/tools/bin/../lib/gcc/arm-none-eabi/7.3.1/../../../../arm-none-eabi/lib/thumb/v7-m\libc_nano.a(lib_a-sprintf.o)
                              LCD/LCD.o (sprintf)
c:/st/stm32cubeide_1.4.0/stm32cubeide/plugins/com.st.stm32cube.ide.mcu.externaltools.gnu-tools-for-stm32.7-2018-q2-update.win32_1.4.0.202007081208/tools/bin/../lib/gcc/arm-none-eabi/7.3.1/../../../../arm-none-eabi/lib/thumb/v7-m\libc_nano.a(lib_a-nano-svfprintf.o)
                              c:/st/stm32cubeide_1.4.0/stm32cubeide/plugins/com.st.stm32cube.ide.mcu.externaltools.gnu-tools-for-stm32.7-2018-q2-update.win32_1.4.0.202007081208/tools/bin/../lib/gcc/arm-none-eabi/7.3.1/../../../../arm-none-eabi/lib/thumb/v7-m\libc_nano.a(lib_a-sprintf.o) (_svfprintf_r)
c:/st/stm32cubeide_1.4.0/stm32cubeide/plugins/com.st.stm32cube.ide.mcu.externaltools.gnu-tools-for-stm32.7-2018-q2-update.win32_1.4.0.202007081208/tools/bin/../lib/gcc/arm-none-eabi/7.3.1/../../../../arm-none-eabi/lib/thumb/v7-m\libc_nano.a(lib_a-nano-vfprintf_i.o)
                              c:/st/stm32cubeide_1.4.0/stm32cubeide/plugins/com.st.stm32cube.ide.mcu.externaltools.gnu-tools-for-stm32.7-2018-q2-update.win32_1.4.0.202007081208/tools/bin/../lib/gcc/arm-none-eabi/7.3.1/../../../../arm-none-eabi/lib/thumb/v7-m\libc_nano.a(lib_a-nano-svfprintf.o) (_printf_i)
c:/st/stm32cubeide_1.4.0/stm32cubeide/plugins/com.st.stm32cube.ide.mcu.externaltools.gnu-tools-for-stm32.7-2018-q2-update.win32_1.4.0.202007081208/tools/bin/../lib/gcc/arm-none-eabi/7.3.1/../../../../arm-none-eabi/lib/thumb/v7-m\libc_nano.a(lib_a-memchr-stub.o)
                              c:/st/stm32cubeide_1.4.0/stm32cubeide/plugins/com.st.stm32cube.ide.mcu.externaltools.gnu-tools-for-stm32.7-2018-q2-update.win32_1.4.0.202007081208/tools/bin/../lib/gcc/arm-none-eabi/7.3.1/../../../../arm-none-eabi/lib/thumb/v7-m\libc_nano.a(lib_a-nano-svfprintf.o) (memchr)
c:/st/stm32cubeide_1.4.0/stm32cubeide/plugins/com.st.stm32cube.ide.mcu.externaltools.gnu-tools-for-stm32.7-2018-q2-update.win32_1.4.0.202007081208/tools/bin/../lib/gcc/arm-none-eabi/7.3.1/../../../../arm-none-eabi/lib/thumb/v7-m\libc_nano.a(lib_a-memcpy-stub.o)
[...]
Memory Configuration

Name             Origin             Length             Attributes
RAM              0x0000000020000000 0x0000000000002800 xrw
ROM              0x0000000008000000 0x0000000000008000 xr
*default*        0x0000000000000000 0xffffffffffffffff

Linker script and memory map

LOAD c:/st/stm32cubeide_1.4.0/stm32cubeide/plugins/com.st.stm32cube.ide.mcu.externaltools.gnu-tools-for-stm32.7-2018-q2-update.win32_1.4.0.202007081208/tools/bin/../lib/gcc/arm-none-eabi/7.3.1/thumb/v7-m/crti.o
LOAD c:/st/stm32cubeide_1.4.0/stm32cubeide/plugins/com.st.stm32cube.ide.mcu.externaltools.gnu-tools-for-stm32.7-2018-q2-update.win32_1.4.0.202007081208/tools/bin/../lib/gcc/arm-none-eabi/7.3.1/thumb/v7-m/crtbegin.o
LOAD c:/st/stm32cubeide_1.4.0/stm32cubeide/plugins/com.st.stm32cube.ide.mcu.externaltools.gnu-tools-for-stm32.7-2018-q2-update.win32_1.4.0.202007081208/tools/bin/../lib/gcc/arm-none-eabi/7.3.1/../../../../arm-none-eabi/lib/thumb/v7-m/crt0.o
LOAD GPIO/GPIO.o
LOAD KEYPAD/KEYPAD.o
LOAD LCD/LCD.o
LOAD Src/main.o
LOAD Src/syscalls.o
LOAD Src/sysmem.o
LOAD Startup/startup_stm32f103c6tx.o
START GROUP
LOAD c:/st/stm32cubeide_1.4.0/stm32cubeide/plugins/com.st.stm32cube.ide.mcu.externaltools.gnu-tools-for-stm32.7-2018-q2-update.win32_1.4.0.202007081208/tools/bin/../lib/gcc/arm-none-eabi/7.3.1/../../../../arm-none-eabi/lib/thumb/v7-m\libc_nano.a
LOAD c:/st/stm32cubeide_1.4.0/stm32cubeide/plugins/com.st.stm32cube.ide.mcu.externaltools.gnu-tools-for-stm32.7-2018-q2-update.win32_1.4.0.202007081208/tools/bin/../lib/gcc/arm-none-eabi/7.3.1/../../../../arm-none-eabi/lib/thumb/v7-m\libm.a
END GROUP
START GROUP
LOAD c:/st/stm32cubeide_1.4.0/stm32cubeide/plugins/com.st.stm32cube.ide.mcu.externaltools.gnu-tools-for-stm32.7-2018-q2-update.win32_1.4.0.202007081208/tools/bin/../lib/gcc/arm-none-eabi/7.3.1/thumb/v7-m\libgcc.a
LOAD c:/st/stm32cubeide_1.4.0/stm32cubeide/plugins/com.st.stm32cube.ide.mcu.externaltools.gnu-tools-for-stm32.7-2018-q2-update.win32_1.4.0.202007081208/tools/bin/../lib/gcc/arm-none-eabi/7.3.1/../../../../arm-none-eabi/lib/thumb/v7-m\libg_nano.a
LOAD c:/st/stm32cubeide_1.4.0/stm32cubeide/plugins/com.st.stm32cube.ide.mcu.externaltools.gnu-tools-for-stm32.7-2018-q2-update.win32_1.4.0.202007081208/tools/bin/../lib/gcc/arm-none-eabi/7.3.1/../../../../arm-none-eabi/lib/thumb/v7-m\libc_nano.a
END GROUP
START GROUP
LOAD c:/st/stm32cubeide_1.4.0/stm32cubeide/plugins/com.st.stm32cube.ide.mcu.externaltools.gnu-tools-for-stm32.7-2018-q2-update.win32_1.4.0.202007081208/tools/bin/../lib/gcc/arm-none-eabi/7.3.1/thumb/v7-m\libgcc.a
LOAD c:/st/stm32cubeide_1.4.0/stm32cubeide/plugins/com.st.stm32cube.ide.mcu.externaltools.gnu-tools-for-stm32.7-2018-q2-update.win32_1.4.0.202007081208/tools/bin/../lib/gcc/arm-none-eabi/7.3.1/../../../../arm-none-eabi/lib/thumb/v7-m\libc_nano.a
LOAD c:/st/stm32cubeide_1.4.0/stm32cubeide/plugins/com.st.stm32cube.ide.mcu.externaltools.gnu-tools-for-stm32.7-2018-q2-update.win32_1.4.0.202007081208/tools/bin/../lib/gcc/arm-none-eabi/7.3.1/../../../../arm-none-eabi/lib/thumb/v7-m\libnosys.a
END GROUP
START GROUP
LOAD c:/st/stm32cubeide_1.4.0/stm32cubeide/plugins/com.st.stm32cube.ide.mcu.externaltools.gnu-tools-for-stm32.7-2018-q2-update.win32_1.4.0.202007081208/tools/bin/../lib/gcc/arm-none-eabi/7.3.1/thumb/v7-m\libgcc.a
LOAD c:/st/stm32cubeide_1.4.0/stm32cubeide/plugins/com.st.stm32cube.ide.mcu.externaltools.gnu-tools-for-stm32.7-2018-q2-update.win32_1.4.0.202007081208/tools/bin/../lib/gcc/arm-none-eabi/7.3.1/../../../../arm-none-eabi/lib/thumb/v7-m\libc_nano.a
LOAD c:/st/stm32cubeide_1.4.0/stm32cubeide/plugins/com.st.stm32cube.ide.mcu.externaltools.gnu-tools-for-stm32.7-2018-q2-update.win32_1.4.0.202007081208/tools/bin/../lib/gcc/arm-none-eabi/7.3.1/../../../../arm-none-eabi/lib/thumb/v7-m\libnosys.a
END GROUP
LOAD c:/st/stm32cubeide_1.4.0/stm32cubeide/plugins/com.st.stm32cube.ide.mcu.externaltools.gnu-tools-for-stm32.7-2018-q2-update.win32_1.4.0.202007081208/tools/bin/../lib/gcc/arm-none-eabi/7.3.1/thumb/v7-m/crtend.o
LOAD c:/st/stm32cubeide_1.4.0/stm32cubeide/plugins/com.st.stm32cube.ide.mcu.externaltools.gnu-tools-for-stm32.7-2018-q2-update.win32_1.4.0.202007081208/tools/bin/../lib/gcc/arm-none-eabi/7.3.1/thumb/v7-m/crtn.o
                0x0000000020002800                _estack = (ORIGIN (RAM) + LENGTH (RAM))
                0x0000000000000200                _Min_Heap_Size = 0x200
                0x0000000000000400                _Min_Stack_Size = 0x400

.isr_vector     0x0000000008000000      0x130
                0x0000000008000000                . = ALIGN (0x4)
 *(.isr_vector)
 .isr_vector    0x0000000008000000      0x130 Startup/startup_stm32f103c6tx.o
                0x0000000008000000                g_pfnVectors
                0x0000000008000130                . = ALIGN (0x4)

.text           0x0000000008000130      0xb34
                0x0000000008000130                . = ALIGN (0x4)
 *(.text)
 .text          0x0000000008000130       0x40 c:/st/stm32cubeide_1.4.0/stm32cubeide/plugins/com.st.stm32cube.ide.mcu.externaltools.gnu-tools-for-stm32.7-2018-q2-update.win32_1.4.0.202007081208/tools/bin/../lib/gcc/arm-none-eabi/7.3.1/thumb/v7-m/crtbegin.o
 *(.text*)
 .text.GPIO_CRLH_PIN
                0x0000000008000170       0xc6 GPIO/GPIO.o
                0x0000000008000170                GPIO_CRLH_PIN
 *fill*         0x0000000008000236        0x2 
 .text.GPIO_INIT
                0x0000000008000238      0x168 GPIO/GPIO.o
                0x0000000008000238                GPIO_INIT
 .text.GPIO_GET_PIN
                0x00000000080003a0       0x28 GPIO/GPIO.o
                0x00000000080003a0                GPIO_GET_PIN
 .text.GPIO_SET_PIN
                0x00000000080003c8       0x3c GPIO/GPIO.o
                0x00000000080003c8                GPIO_SET_PIN
 .text.GPIO_SET_PORT
                0x0000000008000404       0x1c GPIO/GPIO.o
                0x0000000008000404                GPIO_SET_PORT
 .text.GPIO_OUTPUT_PIN
                0x0000000008000420       0x3a GPIO/GPIO.o
                0x0000000008000420                GPIO_OUTPUT_PIN
 *fill*         0x000000000800045a        0x2 
 .text.KPD_Init
                0x000000000800045c       0x58 KEYPAD/KEYPAD.o
                0x000000000800045c                KPD_Init
 .text.KPD_Get_Key
                0x00000000080004b4       0xb8 KEYPAD/KEYPAD.o
                0x00000000080004b4                KPD_Get_Key
 .text._delay_ms
                0x000000000800056c       0x38 LCD/LCD.o
                0x000000000800056c                _delay_ms
 .text.LCD_Init
                0x00000000080005a4       0xb8 LCD/LCD.o
                0x00000000080005a4                LCD_Init
 .text.LCD_Send_CMD
                0x000000000800065c      0x144 LCD/LCD.o
                0x000000000800065c                LCD_Send_CMD
 .text.LCD_Clear_Screen
                0x00000000080007a0       0x1c LCD/LCD.o
                0x00000000080007a0                LCD_Clear_Screen
 .text.LCD_GotoXY
                0x00000000080007bc       0x60 LCD/LCD.o
                0x00000000080007bc                LCD_GotoXY
 .text.LCD_Send_Char
                0x000000000800081c      0x1a0 LCD/LCD.o
                0x000000000800081c                LCD_Send_Char
 .text.LCD_Send_String
                0x00000000080009bc       0x58 LCD/LCD.o
                0x00000000080009bc                LCD_Send_String
 .text.LCD_Ready
                0x0000000008000a14       0x2c LCD/LCD.o
                0x0000000008000a14                LCD_Ready
 .text.GPIO_init
                0x0000000008000a40       0x6c Src/main.o
                0x0000000008000a40                GPIO_init
 .text.CLOCK_init
                0x0000000008000aac       0x28 Src/main.o
                0x0000000008000aac                CLOCK_init
 .text.main     0x0000000008000ad4       0xdc Src/main.o
                0x0000000008000ad4                main
 .text.Reset_Handler
                0x0000000008000bb0       0x50 Startup/startup_stm32f103c6tx.o
                0x0000000008000bb0                Reset_Handler
 .text.Default_Handler
                0x0000000008000c00        0x2 Startup/startup_stm32f103c6tx.o
                0x0000000008000c00                EXTI2_IRQHandler
                0x0000000008000c00                TIM8_TRG_COM_IRQHandler
                0x0000000008000c00                TIM8_CC_IRQHandler
                0x0000000008000c00                DebugMon_Handler
                0x0000000008000c00                TIM1_CC_IRQHandler
                0x0000000008000c00                HardFault_Handler
                0x0000000008000c00                TIM6_IRQHandler
                0x0000000008000c00                SysTick_Handler
                0x0000000008000c00                PVD_IRQHandler
                0x0000000008000c00                SDIO_IRQHandler
                0x0000000008000c00                PendSV_Handler
                0x0000000008000c00                NMI_Handler
                0x0000000008000c00                EXTI3_IRQHandler
                0x0000000008000c00                USB_HP_CAN_TX_IRQHandler
                0x0000000008000c00                EXTI0_IRQHandler
                0x0000000008000c00                I2C2_EV_IRQHandler
                0x0000000008000c00                UsageFault_Handler
                0x0000000008000c00                ADC1_2_IRQHandler
                0x0000000008000c00                SPI1_IRQHandler
                0x0000000008000c00                CAN_SCE_IRQHandler
                0x0000000008000c00                TAMPER_IRQHandler
                0x0000000008000c00                TIM8_UP_IRQHandler
                0x0000000008000c00                DMA2_Channel2_IRQHandler
                0x0000000008000c00                DMA1_Channel4_IRQHandler
                0x0000000008000c00                USART3_IRQHandler
                0x0000000008000c00                RTC_IRQHandler
                0x0000000008000c00                DMA1_Channel7_IRQHandler
                0x0000000008000c00                UART5_IRQHandler
                0x0000000008000c00                ADC3_IRQHandler
                0x0000000008000c00                TIM4_IRQHandler
                0x0000000008000c00                CAN_RX1_IRQHandler
                0x0000000008000c00                DMA2_Channel1_IRQHandler
                0x0000000008000c00                I2C1_EV_IRQHandler
                0x0000000008000c00                DMA1_Channel6_IRQHandler
                0x0000000008000c00                UART4_IRQHandler
                0x0000000008000c00                TIM3_IRQHandler
                0x0000000008000c00                RCC_IRQHandler
                0x0000000008000c00                TIM1_TRG_COM_IRQHandler
                0x0000000008000c00                DMA1_Channel1_IRQHandler
                0x0000000008000c00                Default_Handler
                0x0000000008000c00                EXTI15_10_IRQHandler
                0x0000000008000c00                TIM7_IRQHandler
                0x0000000008000c00                TIM5_IRQHandler
                0x0000000008000c00                EXTI9_5_IRQHandler
                0x0000000008000c00                SPI2_IRQHandler
                0x0000000008000c00                USB_LP_CAN_RX0_IRQHandler
                0x0000000008000c00                MemManage_Handler
                0x0000000008000c00                SVC_Handler
                0x0000000008000c00                DMA1_Channel5_IRQHandler
                0x0000000008000c00                EXTI4_IRQHandler
                0x0000000008000c00                DMA1_Channel3_IRQHandler
                0x0000000008000c00                FSMC_IRQHandler
                0x0000000008000c00                TIM1_UP_IRQHandler
                0x0000000008000c00                WWDG_IRQHandler
                0x0000000008000c00                TIM2_IRQHandler
                0x0000000008000c00                TIM1_BRK_IRQHandler
                0x0000000008000c00                EXTI1_IRQHandler
                0x0000000008000c00                RTCAlarm_IRQHandler
                0x0000000008000c00                DMA2_Channel4_5_IRQHandler
                0x0000000008000c00                USART2_IRQHandler
                0x0000000008000c00                I2C2_ER_IRQHandler
                0x0000000008000c00                DMA1_Channel2_IRQHandler
                0x0000000008000c00                TIM8_BRK_IRQHandler
                0x0000000008000c00                FLASH_IRQHandler
                0x0000000008000c00                BusFault_Handler
                0x0000000008000c00                USART1_IRQHandler
                0x0000000008000c00                SPI3_IRQHandler
                0x0000000008000c00                I2C1_ER_IRQHandler
                0x0000000008000c00                DMA2_Channel3_IRQHandler
 *fill*         0x0000000008000c02        0x2 
 .text.__libc_init_array
                0x0000000008000c04       0x48 c:/st/stm32cubeide_1.4.0/stm32cubeide/plugins/com.st.stm32cube.ide.mcu.externaltools.gnu-tools-for-stm32.7-2018-q2-update.win32_1.4.0.202007081208/tools/bin/../lib/gcc/arm-none-eabi/7.3.1/../../../../arm-none-eabi/lib/thumb/v7-m\libc_nano.a(lib_a-init.o)
                0x0000000008000c04                __libc_init_array
 *(.glue_7)
 .glue_7        0x0000000008000c4c        0x0 linker stubs
 *(.glue_7t)
 .glue_7t       0x0000000008000c4c        0x0 linker stubs
 *(.eh_frame)
 .eh_frame      0x0000000008000c4c        0x0 c:/st/stm32cubeide_1.4.0/stm32cubeide/plugins/com.st.stm32cube.ide.mcu.externaltools.gnu-tools-for-stm32.7-2018-q2-update.win32_1.4.0.202007081208/tools/bin/../lib/gcc/arm-none-eabi/7.3.1/thumb/v7-m/crtbegin.o
 *(.init)
 .init          0x0000000008000c4c        0x4 c:/st/stm32cubeide_1.4.0/stm32cubeide/plugins/com.st.stm32cube.ide.mcu.externaltools.gnu-tools-for-stm32.7-2018-q2-update.win32_1.4.0.202007081208/tools/bin/../lib/gcc/arm-none-eabi/7.3.1/thumb/v7-m/crti.o
                0x0000000008000c4c                _init
 .init          0x0000000008000c50        0x8 c:/st/stm32cubeide_1.4.0/stm32cubeide/plugins/com.st.stm32cube.ide.mcu.externaltools.gnu-tools-for-stm32.7-2018-q2-update.win32_1.4.0.202007081208/tools/bin/../lib/gcc/arm-none-eabi/7.3.1/thumb/v7-m/crtn.o
 *(.fini)
 .fini          0x0000000008000c58        0x4 c:/st/stm32cubeide_1.4.0/stm32cubeide/plugins/com.st.stm32cube.ide.mcu.externaltools.gnu-tools-for-stm32.7-2018-q2-update.win32_1.4.0.202007081208/tools/bin/../lib/gcc/arm-none-eabi/7.3.1/thumb/v7-m/crti.o
                0x0000000008000c58                _fini
 .fini          0x0000000008000c5c        0x8 c:/st/stm32cubeide_1.4.0/stm32cubeide/plugins/com.st.stm32cube.ide.mcu.externaltools.gnu-tools-for-stm32.7-2018-q2-update.win32_1.4.0.202007081208/tools/bin/../lib/gcc/arm-none-eabi/7.3.1/thumb/v7-m/crtn.o
                0x0000000008000c64                . = ALIGN (0x4)
                0x0000000008000c64                _etext = .

.vfp11_veneer   0x0000000008000c64        0x0
 .vfp11_veneer  0x0000000008000c64        0x0 linker stubs

.v4_bx          0x0000000008000c64        0x0
 .v4_bx         0x0000000008000c64        0x0 linker stubs

.iplt           0x0000000008000c64        0x0
 .iplt          0x0000000008000c64        0x0 c:/st/stm32cubeide_1.4.0/stm32cubeide/plugins/com.st.stm32cube.ide.mcu.externaltools.gnu-tools-for-stm32.7-2018-q2-update.win32_1.4.0.202007081208/tools/bin/../lib/gcc/arm-none-eabi/7.3.1/thumb/v7-m/crtbegin.o

.rodata         0x0000000008000c64       0x2c
                0x0000000008000c64                . = ALIGN (0x4)
 *(.rodata)
 .rodata        0x0000000008000c64       0x2b Src/main.o
 *(.rodata*)
                0x0000000008000c90                . = ALIGN (0x4)
 *fill*         0x0000000008000c8f        0x1 

.rel.dyn        0x0000000008000c90        0x0
 .rel.iplt      0x0000000008000c90        0x0 c:/st/stm32cubeide_1.4.0/stm32cubeide/plugins/com.st.stm32cube.ide.mcu.externaltools.gnu-tools-for-stm32.7-2018-q2-update.win32_1.4.0.202007081208/tools/bin/../lib/gcc/arm-none-eabi/7.3.1/thumb/v7-m/crtbegin.o

.ARM.extab      0x0000000008000c90        0x0
                0x0000000008000c90                . = ALIGN (0x4)
 *(.ARM.extab* .gnu.linkonce.armextab.*)
                0x0000000008000c90                . = ALIGN (0x4)

.ARM            0x0000000008000c90        0x0
                0x0000000008000c90                . = ALIGN (0x4)
                0x0000000008000c90                __exidx_start = .
 *(.ARM.exidx*)
                0x0000000008000c90                __exidx_end = .
                0x0000000008000c90                . = ALIGN (0x4)

.preinit_array  0x0000000008000c90        0x0
                0x0000000008000c90                . = ALIGN (0x4)
                0x0000000008000c90                PROVIDE (__preinit_array_start = .)
 *(.preinit_array*)
                0x0000000008000c90                PROVIDE (__preinit_array_end = .)
                0x0000000008000c90                . = ALIGN (0x4)

.init_array     0x0000000008000c90        0x4
                0x0000000008000c90                . = ALIGN (0x4)
                0x0000000008000c90                PROVIDE (__init_array_start = .)
 *(SORT_BY_NAME(.init_array.*))
 *(.init_array*)
 .init_array    0x0000000008000c90        0x4 c:/st/stm32cubeide_1.4.0/stm32cubeide/plugins/com.st.stm32cube.ide.mcu.externaltools.gnu-tools-for-stm32.7-2018-q2-update.win32_1.4.0.202007081208/tools/bin/../lib/gcc/arm-none-eabi/7.3.1/thumb/v7-m/crtbegin.o
                0x0000000008000c94                PROVIDE (__init_array_end = .)
                0x0000000008000c94                . = ALIGN (0x4)

.fini_array     0x0000000008000c94        0x4
                0x0000000008000c94                . = ALIGN (0x4)
                [!provide]                        PROVIDE (__fini_array_start = .)
 *(SORT_BY_NAME(.fini_array.*))
 *(.fini_array*)
 .fini_array    0x0000000008000c94        0x4 c:/st/stm32cubeide_1.4.0/stm32cubeide/plugins/com.st.stm32cube.ide.mcu.externaltools.gnu-tools-for-stm32.7-2018-q2-update.win32_1.4.0.202007081208/tools/bin/../lib/gcc/arm-none-eabi/7.3.1/thumb/v7-m/crtbegin.o
                [!provide]                        PROVIDE (__fini_array_end = .)
                0x0000000008000c98                . = ALIGN (0x4)
                0x0000000008000c98                _sidata = LOADADDR (.data)

.data           0x0000000020000000       0x20 load address 0x0000000008000c98
                0x0000000020000000                . = ALIGN (0x4)
                0x0000000020000000                _sdata = .
 *(.data)
 *(.data*)
 .data.ROW      0x0000000020000000        0x8 KEYPAD/KEYPAD.o
 .data.COL      0x0000000020000008        0x8 KEYPAD/KEYPAD.o
 .data.KEYS     0x0000000020000010       0x10 KEYPAD/KEYPAD.o
                0x0000000020000020                . = ALIGN (0x4)
                0x0000000020000020                _edata = .

.igot.plt       0x0000000020000020        0x0 load address 0x0000000008000cb8
 .igot.plt      0x0000000020000020        0x0 c:/st/stm32cubeide_1.4.0/stm32cubeide/plugins/com.st.stm32cube.ide.mcu.externaltools.gnu-tools-for-stm32.7-2018-q2-update.win32_1.4.0.202007081208/tools/bin/../lib/gcc/arm-none-eabi/7.3.1/thumb/v7-m/crtbegin.o
                0x0000000020000020                . = ALIGN (0x4)

.bss            0x0000000020000020       0x20 load address 0x0000000008000cb8
                0x0000000020000020                _sbss = .
                0x0000000020000020                __bss_start__ = _sbss
 *(.bss)
 .bss           0x0000000020000020       0x1c c:/st/stm32cubeide_1.4.0/stm32cubeide/plugins/com.st.stm32cube.ide.mcu.externaltools.gnu-tools-for-stm32.7-2018-q2-update.win32_1.4.0.202007081208/tools/bin/../lib/gcc/arm-none-eabi/7.3.1/thumb/v7-m/crtbegin.o
 *(.bss*)
 .bss.locx      0x000000002000003c        0x1 LCD/LCD.o
                0x000000002000003c                locx
 .bss.locy      0x000000002000003d        0x1 LCD/LCD.o
                0x000000002000003d                locy
 *(COMMON)
                0x0000000020000040                . = ALIGN (0x4)
 *fill*         0x000000002000003e        0x2 
                0x0000000020000040                _ebss = .
                0x0000000020000040                __bss_end__ = _ebss

._user_heap_stack
                0x0000000020000040      0x600 load address 0x0000000008000cb8
                0x0000000020000040                . = ALIGN (0x8)
                [!provide]                        PROVIDE (end = .)
                0x0000000020000040                PROVIDE (_end = .)
                0x0000000020000240                . = (. + _Min_Heap_Size)
 *fill*         0x0000000020000040      0x200 
                0x0000000020000640                . = (. + _Min_Stack_Size)
 *fill*         0x0000000020000240      0x400 
                0x0000000020000640                . = ALIGN (0x8)

/DISCARD/
 libc.a(*)
 libm.a(*)
 libgcc.a(*)

.ARM.attributes
                0x0000000000000000       0x29
 *(.ARM.attributes)
 .ARM.attributes
                0x0000000000000000       0x1d c:/st/stm32cubeide_1.4.0/stm32cubeide/plugins/com.st.stm32cube.ide.mcu.externaltools.gnu-tools-for-stm32.7-2018-q2-update.win32_1.4.0.202007081208/tools/bin/../lib/gcc/arm-none-eabi/7.3.1/thumb/v7-m/crti.o
 .ARM.attributes
                0x000000000000001d       0x2d c:/st/stm32cubeide_1.4.0/stm32cubeide/plugins/com.st.stm32cube.ide.mcu.externaltools.gnu-tools-for-stm32.7-2018-q2-update.win32_1.4.0.202007081208/tools/bin/../lib/gcc/arm-none-eabi/7.3.1/thumb/v7-m/crtbegin.o
 .ARM.attributes
                0x000000000000004a       0x33 GPIO/GPIO.o
 .ARM.attributes
                0x000000000000007d       0x33 KEYPAD/KEYPAD.o
 .ARM.attributes
                0x00000000000000b0       0x33 LCD/LCD.o
 .ARM.attributes
                0x00000000000000e3       0x33 Src/main.o
 .ARM.attributes
                0x0000000000000116       0x21 Startup/startup_stm32f103c6tx.o
 .ARM.attributes
                0x0000000000000137       0x2d c:/st/stm32cubeide_1.4.0/stm32cubeide/plugins/com.st.stm32cube.ide.mcu.externaltools.gnu-tools-for-stm32.7-2018-q2-update.win32_1.4.0.202007081208/tools/bin/../lib/gcc/arm-none-eabi/7.3.1/../../../../arm-none-eabi/lib/thumb/v7-m\libc_nano.a(lib_a-init.o)
 .ARM.attributes
                0x0000000000000164       0x1d c:/st/stm32cubeide_1.4.0/stm32cubeide/plugins/com.st.stm32cube.ide.mcu.externaltools.gnu-tools-for-stm32.7-2018-q2-update.win32_1.4.0.202007081208/tools/bin/../lib/gcc/arm-none-eabi/7.3.1/thumb/v7-m/crtn.o
OUTPUT(Task1.elf elf32-littlearm)

.debug_info     0x0000000000000000     0x1fd6
 .debug_info    0x0000000000000000      0x508 GPIO/GPIO.o
 .debug_info    0x0000000000000508      0x20e KEYPAD/KEYPAD.o
 .debug_info    0x0000000000000716      0xcc0 LCD/LCD.o
 .debug_info    0x00000000000013d6      0xbde Src/main.o
 .debug_info    0x0000000000001fb4       0x22 Startup/startup_stm32f103c6tx.o

.debug_abbrev   0x0000000000000000      0x629
 .debug_abbrev  0x0000000000000000      0x146 GPIO/GPIO.o
 .debug_abbrev  0x0000000000000146       0xe2 KEYPAD/KEYPAD.o
 .debug_abbrev  0x0000000000000228      0x203 LCD/LCD.o
 .debug_abbrev  0x000000000000042b      0x1ec Src/main.o
 .debug_abbrev  0x0000000000000617       0x12 Startup/startup_stm32f103c6tx.o

.debug_loc      0x0000000000000000      0x7d8
 .debug_loc     0x0000000000000000      0x3d0 GPIO/GPIO.o
 .debug_loc     0x00000000000003d0       0xa0 KEYPAD/KEYPAD.o
 .debug_loc     0x0000000000000470      0x2c0 LCD/LCD.o
 .debug_loc     0x0000000000000730       0xa8 Src/main.o

.debug_aranges  0x0000000000000000      0x158
 .debug_aranges
                0x0000000000000000       0x70 GPIO/GPIO.o
 .debug_aranges
                0x0000000000000070       0x28 KEYPAD/KEYPAD.o
 .debug_aranges
                0x0000000000000098       0x68 LCD/LCD.o
 .debug_aranges
                0x0000000000000100       0x30 Src/main.o
 .debug_aranges
                0x0000000000000130       0x28 Startup/startup_stm32f103c6tx.o

.debug_ranges   0x0000000000000000      0x110
 .debug_ranges  0x0000000000000000       0x60 GPIO/GPIO.o
 .debug_ranges  0x0000000000000060       0x18 KEYPAD/KEYPAD.o
 .debug_ranges  0x0000000000000078       0x58 LCD/LCD.o
 .debug_ranges  0x00000000000000d0       0x20 Src/main.o
 .debug_ranges  0x00000000000000f0       0x20 Startup/startup_stm32f103c6tx.o

.debug_macro    0x0000000000000000     0x26fe
 .debug_macro   0x0000000000000000       0xa2 GPIO/GPIO.o
 .debug_macro   0x00000000000000a2      0xa48 GPIO/GPIO.o
 .debug_macro   0x0000000000000aea       0x3a GPIO/GPIO.o
 .debug_macro   0x0000000000000b24       0x22 GPIO/GPIO.o
 .debug_macro   0x0000000000000b46       0x22 GPIO/GPIO.o
 .debug_macro   0x0000000000000b68       0x8e GPIO/GPIO.o
 .debug_macro   0x0000000000000bf6       0x51 GPIO/GPIO.o
 .debug_macro   0x0000000000000c47       0xef GPIO/GPIO.o
 .debug_macro   0x0000000000000d36       0x6a GPIO/GPIO.o
 .debug_macro   0x0000000000000da0      0x1df GPIO/GPIO.o
 .debug_macro   0x0000000000000f7f       0x16 GPIO/GPIO.o
 .debug_macro   0x0000000000000f95      0x235 GPIO/GPIO.o
 .debug_macro   0x00000000000011ca       0xca GPIO/GPIO.o
 .debug_macro   0x0000000000001294       0xab KEYPAD/KEYPAD.o
 .debug_macro   0x000000000000133f       0xd0 KEYPAD/KEYPAD.o
 .debug_macro   0x000000000000140f       0x3a KEYPAD/KEYPAD.o
 .debug_macro   0x0000000000001449      0x27c LCD/LCD.o
 .debug_macro   0x00000000000016c5       0x46 LCD/LCD.o
 .debug_macro   0x000000000000170b       0x18 LCD/LCD.o
 .debug_macro   0x0000000000001723       0x3c LCD/LCD.o
 .debug_macro   0x000000000000175f       0x34 LCD/LCD.o
 .debug_macro   0x0000000000001793       0x16 LCD/LCD.o
 .debug_macro   0x00000000000017a9       0x97 LCD/LCD.o
 .debug_macro   0x0000000000001840      0x330 LCD/LCD.o
 .debug_macro   0x0000000000001b70       0xfd LCD/LCD.o
 .debug_macro   0x0000000000001c6d       0x10 LCD/LCD.o
 .debug_macro   0x0000000000001c7d       0x52 LCD/LCD.o
 .debug_macro   0x0000000000001ccf       0x1f LCD/LCD.o
 .debug_macro   0x0000000000001cee       0x43 LCD/LCD.o
 .debug_macro   0x0000000000001d31       0x20 LCD/LCD.o
 .debug_macro   0x0000000000001d51      0x1a3 LCD/LCD.o
 .debug_macro   0x0000000000001ef4       0x10 LCD/LCD.o
 .debug_macro   0x0000000000001f04       0x1c LCD/LCD.o
 .debug_macro   0x0000000000001f20       0x52 LCD/LCD.o
 .debug_macro   0x0000000000001f72       0x40 LCD/LCD.o
 .debug_macro   0x0000000000001fb2       0x10 LCD/LCD.o
 .debug_macro   0x0000000000001fc2       0x40 LCD/LCD.o
 .debug_macro   0x0000000000002002       0xd7 LCD/LCD.o
 .debug_macro   0x00000000000020d9       0x1c LCD/LCD.o
 .debug_macro   0x00000000000020f5       0x3d LCD/LCD.o
 .debug_macro   0x0000000000002132       0x16 LCD/LCD.o
 .debug_macro   0x0000000000002148      0x145 LCD/LCD.o
 .debug_macro   0x000000000000228d       0x16 LCD/LCD.o
 .debug_macro   0x00000000000022a3       0x35 LCD/LCD.o
 .debug_macro   0x00000000000022d8       0x16 LCD/LCD.o
 .debug_macro   0x00000000000022ee       0x29 LCD/LCD.o
 .debug_macro   0x0000000000002317       0x16 LCD/LCD.o
 .debug_macro   0x000000000000232d       0x20 LCD/LCD.o
 .debug_macro   0x000000000000234d       0xb2 LCD/LCD.o
 .debug_macro   0x00000000000023ff      0x2bf Src/main.o
 .debug_macro   0x00000000000026be       0x40 Src/main.o

.debug_line     0x0000000000000000     0x1fd0
 .debug_line    0x0000000000000000      0x61c GPIO/GPIO.o
 .debug_line    0x000000000000061c      0x5f2 KEYPAD/KEYPAD.o
 .debug_line    0x0000000000000c0e      0x9c2 LCD/LCD.o
 .debug_line    0x00000000000015d0      0x97c Src/main.o
 .debug_line    0x0000000000001f4c       0x84 Startup/startup_stm32f103c6tx.o

.debug_str      0x0000000000000000     0x9792
 .debug_str     0x0000000000000000     0x4de6 GPIO/GPIO.o
                                       0x4f5d (size before relaxing)
 .debug_str     0x0000000000004de6       0xbd KEYPAD/KEYPAD.o
                                       0x4ea1 (size before relaxing)
 .debug_str     0x0000000000004ea3     0x481a LCD/LCD.o
                                       0x9729 (size before relaxing)
 .debug_str     0x00000000000096bd       0xa4 Src/main.o
                                       0x97cc (size before relaxing)
 .debug_str     0x0000000000009761       0x31 Startup/startup_stm32f103c6tx.o
                                         0xbc (size before relaxing)

.comment        0x0000000000000000       0x7b
 .comment       0x0000000000000000       0x7b GPIO/GPIO.o
                                         0x7c (size before relaxing)
 .comment       0x000000000000007b       0x7c KEYPAD/KEYPAD.o
 .comment       0x000000000000007b       0x7c LCD/LCD.o
 .comment       0x000000000000007b       0x7c Src/main.o

.debug_frame    0x0000000000000000      0x41c
 .debug_frame   0x0000000000000000      0x1c0 GPIO/GPIO.o
 .debug_frame   0x00000000000001c0       0x58 KEYPAD/KEYPAD.o
 .debug_frame   0x0000000000000218      0x16c LCD/LCD.o
 .debug_frame   0x0000000000000384       0x6c Src/main.o
 .debug_frame   0x00000000000003f0       0x2c c:/st/stm32cubeide_1.4.0/stm32cubeide/plugins/com.st.stm32cube.ide.mcu.externaltools.gnu-tools-for-stm32.7-2018-q2-update.win32_1.4.0.202007081208/tools/bin/../lib/gcc/arm-none-eabi/7.3.1/../../../../arm-none-eabi/lib/thumb/v7-m\libc_nano.a(lib_a-init.o)
