Archive member included to satisfy reference by file (symbol)

c:/st/stm32cubeide_1.4.0/stm32cubeide/plugins/com.st.stm32cube.ide.mcu.externaltools.gnu-tools-for-stm32.7-2018-q2-update.win32_1.4.0.202007081208/tools/bin/../lib/gcc/arm-none-eabi/7.3.1/../../../../arm-none-eabi/lib/thumb/v7-m\libc_nano.a(lib_a-errno.o)
                              Src/syscalls.o (__errno)
c:/st/stm32cubeide_1.4.0/stm32cubeide/plugins/com.st.stm32cube.ide.mcu.externaltools.gnu-tools-for-stm32.7-2018-q2-update.win32_1.4.0.202007081208/tools/bin/../lib/gcc/arm-none-eabi/7.3.1/../../../../arm-none-eabi/lib/thumb/v7-m\libc_nano.a(lib_a-exit.o)
                              c:/st/stm32cubeide_1.4.0/stm32cubeide/plugins/com.st.stm32cube.ide.mcu.externaltools.gnu-tools-for-stm32.7-2018-q2-update.win32_1.4.0.202007081208/tools/bin/../lib/gcc/arm-none-eabi/7.3.1/../../../../arm-none-eabi/lib/thumb/v7-m/crt0.o (exit)
c:/st/stm32cubeide_1.4.0/stm32cubeide/plugins/com.st.stm32cube.ide.mcu.externaltools.gnu-tools-for-stm32.7-2018-q2-update.win32_1.4.0.202007081208/tools/bin/../lib/gcc/arm-none-eabi/7.3.1/../../../../arm-none-eabi/lib/thumb/v7-m\libc_nano.a(lib_a-impure.o)
                              c:/st/stm32cubeide_1.4.0/stm32cubeide/plugins/com.st.stm32cube.ide.mcu.externaltools.gnu-tools-for-stm32.7-2018-q2-update.win32_1.4.0.202007081208/tools/bin/../lib/gcc/arm-none-eabi/7.3.1/../../../../arm-none-eabi/lib/thumb/v7-m\libc_nano.a(lib_a-exit.o) (_global_impure_ptr)
c:/st/stm32cubeide_1.4.0/stm32cubeide/plugins/com.st.stm32cube.ide.mcu.externaltools.gnu-tools-for-stm32.7-2018-q2-update.win32_1.4.0.202007081208/tools/bin/../lib/gcc/arm-none-eabi/7.3.1/../../../../arm-none-eabi/lib/thumb/v7-m\libc_nano.a(lib_a-init.o)
                              c:/st/stm32cubeide_1.4.0/stm32cubeide/plugins/com.st.stm32cube.ide.mcu.externaltools.gnu-tools-for-stm32.7-2018-q2-update.win32_1.4.0.202007081208/tools/bin/../lib/gcc/arm-none-eabi/7.3.1/../../../../arm-none-eabi/lib/thumb/v7-m/crt0.o (__libc_init_array)
c:/st/stm32cubeide_1.4.0/stm32cubeide/plugins/com.st.stm32cube.ide.mcu.externaltools.gnu-tools-for-stm32.7-2018-q2-update.win32_1.4.0.202007081208/tools/bin/../lib/gcc/arm-none-eabi/7.3.1/../../../../arm-none-eabi/lib/thumb/v7-m\libc_nano.a(lib_a-memset.o)
                              c:/st/stm32cubeide_1.4.0/stm32cubeide/plugins/com.st.stm32cube.ide.mcu.externaltools.gnu-tools-for-stm32.7-2018-q2-update.win32_1.4.0.202007081208/tools/bin/../lib/gcc/arm-none-eabi/7.3.1/../../../../arm-none-eabi/lib/thumb/v7-m/crt0.o (memset)
c:/st/stm32cubeide_1.4.0/stm32cubeide/plugins/com.st.stm32cube.ide.mcu.externaltools.gnu-tools-for-stm32.7-2018-q2-update.win32_1.4.0.202007081208/tools/bin/../lib/gcc/arm-none-eabi/7.3.1/../../../../arm-none-eabi/lib/thumb/v7-m\libc_nano.a(lib_a-sprintf.o)
                              LCD/LCD.o (sprintf)
c:/st/stm32cubeide_1.4.0/stm32cubeide/plugins/com.st.stm32cube.ide.mcu.externaltools.gnu-tools-for-stm32.7-2018-q2-update.win32_1.4.0.202007081208/tools/bin/../lib/gcc/arm-none-eabi/7.3.1/../../../../arm-none-eabi/lib/thumb/v7-m\libc_nano.a(lib_a-nano-svfprintf.o)
                              c:/st/stm32cubeide_1.4.0/stm32cubeide/plugins/com.st.stm32cube.ide.mcu.externaltools.gnu-tools-for-stm32.7-2018-q2-update.win32_1.4.0.202007081208/tools/bin/../lib/gcc/arm-none-eabi/7.3.1/../../../../arm-none-eabi/lib/thumb/v7-m\libc_nano.a(lib_a-sprintf.o) (_svfprintf_r)
c:/st/stm32cubeide_1.4.0/stm32cubeide/plugins/com.st.stm32cube.ide.mcu.externaltools.gnu-tools-for-stm32.7-2018-q2-update.win32_1.4.0.202007081208/tools/bin/../lib/gcc/arm-none-eabi/7.3.1/../../../../arm-none-eabi/lib/thumb/v7-m\libc_nano.a(lib_a-nano-vfprintf_i.o)
                              c:/st/stm32cubeide_1.4.0/stm32cubeide/plugins/com.st.stm32cube.ide.mcu.externaltools.gnu-tools-for-stm32.7-2018-q2-update.win32_1.4.0.202007081208/tools/bin/../lib/gcc/arm-none-eabi/7.3.1/../../../../arm-none-eabi/lib/thumb/v7-m\libc_nano.a(lib_a-nano-svfprintf.o) (_printf_i)
c:/st/stm32cubeide_1.4.0/stm32cubeide/plugins/com.st.stm32cube.ide.mcu.externaltools.gnu-tools-for-stm32.7-2018-q2-update.win32_1.4.0.202007081208/tools/bin/../lib/gcc/arm-none-eabi/7.3.1/../../../../arm-none-eabi/lib/thumb/v7-m\libc_nano.a(lib_a-memchr-stub.o)
                              c:/st/stm32cubeide_1.4.0/stm32cubeide/plugins/com.st.stm32cube.ide.mcu.externaltools.gnu-tools-for-stm32.7-2018-q2-update.win32_1.4.0.202007081208/tools/bin/../lib/gcc/arm-none-eabi/7.3.1/../../../../arm-none-eabi/lib/thumb/v7-m\libc_nano.a(lib_a-nano-svfprintf.o) (memchr)
c:/st/stm32cubeide_1.4.0/stm32cubeide/plugins/com.st.stm32cube.ide.mcu.externaltools.gnu-tools-for-stm32.7-2018-q2-update.win32_1.4.0.202007081208/tools/bin/../lib/gcc/arm-none-eabi/7.3.1/../../../../arm-none-eabi/lib/thumb/v7-m\libc_nano.a(lib_a-memcpy-stub.o)
[...]
Memory Configuration

Name             Origin             Length             Attributes
RAM              0x0000000020000000 0x0000000000002800 xrw
ROM              0x0000000008000000 0x0000000000008000 xr
*default*        0x0000000000000000 0xffffffffffffffff

Linker script and memory map

LOAD c:/st/stm32cubeide_1.4.0/stm32cubeide/plugins/com.st.stm32cube.ide.mcu.externaltools.gnu-tools-for-stm32.7-2018-q2-update.win32_1.4.0.202007081208/tools/bin/../lib/gcc/arm-none-eabi/7.3.1/thumb/v7-m/crti.o
LOAD c:/st/stm32cubeide_1.4.0/stm32cubeide/plugins/com.st.stm32cube.ide.mcu.externaltools.gnu-tools-for-stm32.7-2018-q2-update.win32_1.4.0.202007081208/tools/bin/../lib/gcc/arm-none-eabi/7.3.1/thumb/v7-m/crtbegin.o
LOAD c:/st/stm32cubeide_1.4.0/stm32cubeide/plugins/com.st.stm32cube.ide.mcu.externaltools.gnu-tools-for-stm32.7-2018-q2-update.win32_1.4.0.202007081208/tools/bin/../lib/gcc/arm-none-eabi/7.3.1/../../../../arm-none-eabi/lib/thumb/v7-m/crt0.o
LOAD EXTI/EXTI.o
LOAD GPIO/GPIO.o
LOAD KEYPAD/KEYPAD.o
LOAD LCD/LCD.o
LOAD Src/main.o
LOAD Src/syscalls.o
LOAD Src/sysmem.o
LOAD Startup/startup_stm32f103c6tx.o
START GROUP
LOAD c:/st/stm32cubeide_1.4.0/stm32cubeide/plugins/com.st.stm32cube.ide.mcu.externaltools.gnu-tools-for-stm32.7-2018-q2-update.win32_1.4.0.202007081208/tools/bin/../lib/gcc/arm-none-eabi/7.3.1/../../../../arm-none-eabi/lib/thumb/v7-m\libc_nano.a
LOAD c:/st/stm32cubeide_1.4.0/stm32cubeide/plugins/com.st.stm32cube.ide.mcu.externaltools.gnu-tools-for-stm32.7-2018-q2-update.win32_1.4.0.202007081208/tools/bin/../lib/gcc/arm-none-eabi/7.3.1/../../../../arm-none-eabi/lib/thumb/v7-m\libm.a
END GROUP
START GROUP
LOAD c:/st/stm32cubeide_1.4.0/stm32cubeide/plugins/com.st.stm32cube.ide.mcu.externaltools.gnu-tools-for-stm32.7-2018-q2-update.win32_1.4.0.202007081208/tools/bin/../lib/gcc/arm-none-eabi/7.3.1/thumb/v7-m\libgcc.a
LOAD c:/st/stm32cubeide_1.4.0/stm32cubeide/plugins/com.st.stm32cube.ide.mcu.externaltools.gnu-tools-for-stm32.7-2018-q2-update.win32_1.4.0.202007081208/tools/bin/../lib/gcc/arm-none-eabi/7.3.1/../../../../arm-none-eabi/lib/thumb/v7-m\libg_nano.a
LOAD c:/st/stm32cubeide_1.4.0/stm32cubeide/plugins/com.st.stm32cube.ide.mcu.externaltools.gnu-tools-for-stm32.7-2018-q2-update.win32_1.4.0.202007081208/tools/bin/../lib/gcc/arm-none-eabi/7.3.1/../../../../arm-none-eabi/lib/thumb/v7-m\libc_nano.a
END GROUP
START GROUP
LOAD c:/st/stm32cubeide_1.4.0/stm32cubeide/plugins/com.st.stm32cube.ide.mcu.externaltools.gnu-tools-for-stm32.7-2018-q2-update.win32_1.4.0.202007081208/tools/bin/../lib/gcc/arm-none-eabi/7.3.1/thumb/v7-m\libgcc.a
LOAD c:/st/stm32cubeide_1.4.0/stm32cubeide/plugins/com.st.stm32cube.ide.mcu.externaltools.gnu-tools-for-stm32.7-2018-q2-update.win32_1.4.0.202007081208/tools/bin/../lib/gcc/arm-none-eabi/7.3.1/../../../../arm-none-eabi/lib/thumb/v7-m\libc_nano.a
LOAD c:/st/stm32cubeide_1.4.0/stm32cubeide/plugins/com.st.stm32cube.ide.mcu.externaltools.gnu-tools-for-stm32.7-2018-q2-update.win32_1.4.0.202007081208/tools/bin/../lib/gcc/arm-none-eabi/7.3.1/../../../../arm-none-eabi/lib/thumb/v7-m\libnosys.a
END GROUP
START GROUP
LOAD c:/st/stm32cubeide_1.4.0/stm32cubeide/plugins/com.st.stm32cube.ide.mcu.externaltools.gnu-tools-for-stm32.7-2018-q2-update.win32_1.4.0.202007081208/tools/bin/../lib/gcc/arm-none-eabi/7.3.1/thumb/v7-m\libgcc.a
LOAD c:/st/stm32cubeide_1.4.0/stm32cubeide/plugins/com.st.stm32cube.ide.mcu.externaltools.gnu-tools-for-stm32.7-2018-q2-update.win32_1.4.0.202007081208/tools/bin/../lib/gcc/arm-none-eabi/7.3.1/../../../../arm-none-eabi/lib/thumb/v7-m\libc_nano.a
LOAD c:/st/stm32cubeide_1.4.0/stm32cubeide/plugins/com.st.stm32cube.ide.mcu.externaltools.gnu-tools-for-stm32.7-2018-q2-update.win32_1.4.0.202007081208/tools/bin/../lib/gcc/arm-none-eabi/7.3.1/../../../../arm-none-eabi/lib/thumb/v7-m\libnosys.a
END GROUP
LOAD c:/st/stm32cubeide_1.4.0/stm32cubeide/plugins/com.st.stm32cube.ide.mcu.externaltools.gnu-tools-for-stm32.7-2018-q2-update.win32_1.4.0.202007081208/tools/bin/../lib/gcc/arm-none-eabi/7.3.1/thumb/v7-m/crtend.o
LOAD c:/st/stm32cubeide_1.4.0/stm32cubeide/plugins/com.st.stm32cube.ide.mcu.externaltools.gnu-tools-for-stm32.7-2018-q2-update.win32_1.4.0.202007081208/tools/bin/../lib/gcc/arm-none-eabi/7.3.1/thumb/v7-m/crtn.o
                0x0000000020002800                _estack = (ORIGIN (RAM) + LENGTH (RAM))
                0x0000000000000200                _Min_Heap_Size = 0x200
                0x0000000000000400                _Min_Stack_Size = 0x400

.isr_vector     0x0000000008000000      0x130
                0x0000000008000000                . = ALIGN (0x4)
 *(.isr_vector)
 .isr_vector    0x0000000008000000      0x130 Startup/startup_stm32f103c6tx.o
                0x0000000008000000                g_pfnVectors
                0x0000000008000130                . = ALIGN (0x4)

.text           0x0000000008000130     0x1048
                0x0000000008000130                . = ALIGN (0x4)
 *(.text)
 .text          0x0000000008000130       0x40 c:/st/stm32cubeide_1.4.0/stm32cubeide/plugins/com.st.stm32cube.ide.mcu.externaltools.gnu-tools-for-stm32.7-2018-q2-update.win32_1.4.0.202007081208/tools/bin/../lib/gcc/arm-none-eabi/7.3.1/thumb/v7-m/crtbegin.o
 *(.text*)
 .text.ENABLE_NVIC
                0x0000000008000170      0x14c EXTI/EXTI.o
                0x0000000008000170                ENABLE_NVIC
 .text.DISABLE_NVIC
                0x00000000080002bc      0x14c EXTI/EXTI.o
                0x00000000080002bc                DISABLE_NVIC
 .text.EXTI_INST
                0x0000000008000408      0x1d8 EXTI/EXTI.o
                0x0000000008000408                EXTI_INST
 .text.EXTI_INIT
                0x00000000080005e0       0x16 EXTI/EXTI.o
                0x00000000080005e0                EXTI_INIT
 .text.EXTI_INPUT_DATA
                0x00000000080005f6       0x44 EXTI/EXTI.o
                0x00000000080005f6                EXTI_INPUT_DATA
 *fill*         0x000000000800063a        0x2 
 .text.EXTI0_IRQHandler
                0x000000000800063c       0x24 EXTI/EXTI.o
                0x000000000800063c                EXTI0_IRQHandler
 .text.EXTI1_IRQHandler
                0x0000000008000660       0x24 EXTI/EXTI.o
                0x0000000008000660                EXTI1_IRQHandler
 .text.EXTI2_IRQHandler
                0x0000000008000684       0x24 EXTI/EXTI.o
                0x0000000008000684                EXTI2_IRQHandler
 .text.EXTI3_IRQHandler
                0x00000000080006a8       0x24 EXTI/EXTI.o
                0x00000000080006a8                EXTI3_IRQHandler
 .text.EXTI4_IRQHandler
                0x00000000080006cc       0x24 EXTI/EXTI.o
                0x00000000080006cc                EXTI4_IRQHandler
 .text.EXTI9_5_IRQHandler
                0x00000000080006f0       0xa8 EXTI/EXTI.o
                0x00000000080006f0                EXTI9_5_IRQHandler
 .text.EXTI15_10_IRQHandler
                0x0000000008000798       0xc4 EXTI/EXTI.o
                0x0000000008000798                EXTI15_10_IRQHandler
 .text.GPIO_CRLH_PIN
                0x000000000800085c       0xc6 GPIO/GPIO.o
                0x000000000800085c                GPIO_CRLH_PIN
 *fill*         0x0000000008000922        0x2 
 .text.GPIO_INIT
                0x0000000008000924      0x168 GPIO/GPIO.o
                0x0000000008000924                GPIO_INIT
 .text.GPIO_SET_PIN
                0x0000000008000a8c       0x3c GPIO/GPIO.o
                0x0000000008000a8c                GPIO_SET_PIN
 .text.GPIO_INPUT_PIN
                0x0000000008000ac8       0x30 GPIO/GPIO.o
                0x0000000008000ac8                GPIO_INPUT_PIN
 .text.GPIO_OUTPUT_PIN
                0x0000000008000af8       0x3a GPIO/GPIO.o
                0x0000000008000af8                GPIO_OUTPUT_PIN
 .text._delay_ms
                0x0000000008000b32       0x38 LCD/LCD.o
                0x0000000008000b32                _delay_ms
 *fill*         0x0000000008000b6a        0x2 
 .text.LCD_Init
                0x0000000008000b6c       0xb8 LCD/LCD.o
                0x0000000008000b6c                LCD_Init
 .text.LCD_Send_CMD
                0x0000000008000c24      0x144 LCD/LCD.o
                0x0000000008000c24                LCD_Send_CMD
 .text.LCD_Clear_Screen
                0x0000000008000d68       0x1c LCD/LCD.o
                0x0000000008000d68                LCD_Clear_Screen
 .text.LCD_GotoXY
                0x0000000008000d84       0x60 LCD/LCD.o
                0x0000000008000d84                LCD_GotoXY
 .text.LCD_Send_Char
                0x0000000008000de4      0x1a0 LCD/LCD.o
                0x0000000008000de4                LCD_Send_Char
 .text.LCD_Send_String
                0x0000000008000f84       0x58 LCD/LCD.o
                0x0000000008000f84                LCD_Send_String
 .text.LCD_Ready
                0x0000000008000fdc       0x2c LCD/LCD.o
                0x0000000008000fdc                LCD_Ready
 .text.isr_function_ptr
                0x0000000008001008       0x24 Src/main.o
                0x0000000008001008                isr_function_ptr
 .text.GPIO_init
                0x000000000800102c       0x34 Src/main.o
                0x000000000800102c                GPIO_init
 .text.CLOCK_init
                0x0000000008001060       0x34 Src/main.o
                0x0000000008001060                CLOCK_init
 .text.main     0x0000000008001094       0x30 Src/main.o
                0x0000000008001094                main
 .text.Reset_Handler
                0x00000000080010c4       0x50 Startup/startup_stm32f103c6tx.o
                0x00000000080010c4                Reset_Handler
 .text.Default_Handler
                0x0000000008001114        0x2 Startup/startup_stm32f103c6tx.o
                0x0000000008001114                TIM8_TRG_COM_IRQHandler
                0x0000000008001114                TIM8_CC_IRQHandler
                0x0000000008001114                DebugMon_Handler
                0x0000000008001114                TIM1_CC_IRQHandler
                0x0000000008001114                HardFault_Handler
                0x0000000008001114                TIM6_IRQHandler
                0x0000000008001114                SysTick_Handler
                0x0000000008001114                PVD_IRQHandler
                0x0000000008001114                SDIO_IRQHandler
                0x0000000008001114                PendSV_Handler
                0x0000000008001114                NMI_Handler
                0x0000000008001114                USB_HP_CAN_TX_IRQHandler
                0x0000000008001114                I2C2_EV_IRQHandler
                0x0000000008001114                UsageFault_Handler
                0x0000000008001114                ADC1_2_IRQHandler
                0x0000000008001114                SPI1_IRQHandler
                0x0000000008001114                CAN_SCE_IRQHandler
                0x0000000008001114                TAMPER_IRQHandler
                0x0000000008001114                TIM8_UP_IRQHandler
                0x0000000008001114                DMA2_Channel2_IRQHandler
                0x0000000008001114                DMA1_Channel4_IRQHandler
                0x0000000008001114                USART3_IRQHandler
                0x0000000008001114                RTC_IRQHandler
                0x0000000008001114                DMA1_Channel7_IRQHandler
                0x0000000008001114                UART5_IRQHandler
                0x0000000008001114                ADC3_IRQHandler
                0x0000000008001114                TIM4_IRQHandler
                0x0000000008001114                CAN_RX1_IRQHandler
                0x0000000008001114                DMA2_Channel1_IRQHandler
                0x0000000008001114                I2C1_EV_IRQHandler
                0x0000000008001114                DMA1_Channel6_IRQHandler
                0x0000000008001114                UART4_IRQHandler
                0x0000000008001114                TIM3_IRQHandler
                0x0000000008001114                RCC_IRQHandler
                0x0000000008001114                TIM1_TRG_COM_IRQHandler
                0x0000000008001114                DMA1_Channel1_IRQHandler
                0x0000000008001114                Default_Handler
                0x0000000008001114                TIM7_IRQHandler
                0x0000000008001114                TIM5_IRQHandler
                0x0000000008001114                SPI2_IRQHandler
                0x0000000008001114                USB_LP_CAN_RX0_IRQHandler
                0x0000000008001114                MemManage_Handler
                0x0000000008001114                SVC_Handler
                0x0000000008001114                DMA1_Channel5_IRQHandler
                0x0000000008001114                DMA1_Channel3_IRQHandler
                0x0000000008001114                FSMC_IRQHandler
                0x0000000008001114                TIM1_UP_IRQHandler
                0x0000000008001114                WWDG_IRQHandler
                0x0000000008001114                TIM2_IRQHandler
                0x0000000008001114                TIM1_BRK_IRQHandler
                0x0000000008001114                RTCAlarm_IRQHandler
                0x0000000008001114                DMA2_Channel4_5_IRQHandler
                0x0000000008001114                USART2_IRQHandler
                0x0000000008001114                I2C2_ER_IRQHandler
                0x0000000008001114                DMA1_Channel2_IRQHandler
                0x0000000008001114                TIM8_BRK_IRQHandler
                0x0000000008001114                FLASH_IRQHandler
                0x0000000008001114                BusFault_Handler
                0x0000000008001114                USART1_IRQHandler
                0x0000000008001114                SPI3_IRQHandler
                0x0000000008001114                I2C1_ER_IRQHandler
                0x0000000008001114                DMA2_Channel3_IRQHandler
 *fill*         0x0000000008001116        0x2 
 .text.__libc_init_array
                0x0000000008001118       0x48 c:/st/stm32cubeide_1.4.0/stm32cubeide/plugins/com.st.stm32cube.ide.mcu.externaltools.gnu-tools-for-stm32.7-2018-q2-update.win32_1.4.0.202007081208/tools/bin/../lib/gcc/arm-none-eabi/7.3.1/../../../../arm-none-eabi/lib/thumb/v7-m\libc_nano.a(lib_a-init.o)
                0x0000000008001118                __libc_init_array
 *(.glue_7)
 .glue_7        0x0000000008001160        0x0 linker stubs
 *(.glue_7t)
 .glue_7t       0x0000000008001160        0x0 linker stubs
 *(.eh_frame)
 .eh_frame      0x0000000008001160        0x0 c:/st/stm32cubeide_1.4.0/stm32cubeide/plugins/com.st.stm32cube.ide.mcu.externaltools.gnu-tools-for-stm32.7-2018-q2-update.win32_1.4.0.202007081208/tools/bin/../lib/gcc/arm-none-eabi/7.3.1/thumb/v7-m/crtbegin.o
 *(.init)
 .init          0x0000000008001160        0x4 c:/st/stm32cubeide_1.4.0/stm32cubeide/plugins/com.st.stm32cube.ide.mcu.externaltools.gnu-tools-for-stm32.7-2018-q2-update.win32_1.4.0.202007081208/tools/bin/../lib/gcc/arm-none-eabi/7.3.1/thumb/v7-m/crti.o
                0x0000000008001160                _init
 .init          0x0000000008001164        0x8 c:/st/stm32cubeide_1.4.0/stm32cubeide/plugins/com.st.stm32cube.ide.mcu.externaltools.gnu-tools-for-stm32.7-2018-q2-update.win32_1.4.0.202007081208/tools/bin/../lib/gcc/arm-none-eabi/7.3.1/thumb/v7-m/crtn.o
 *(.fini)
 .fini          0x000000000800116c        0x4 c:/st/stm32cubeide_1.4.0/stm32cubeide/plugins/com.st.stm32cube.ide.mcu.externaltools.gnu-tools-for-stm32.7-2018-q2-update.win32_1.4.0.202007081208/tools/bin/../lib/gcc/arm-none-eabi/7.3.1/thumb/v7-m/crti.o
                0x000000000800116c                _fini
 .fini          0x0000000008001170        0x8 c:/st/stm32cubeide_1.4.0/stm32cubeide/plugins/com.st.stm32cube.ide.mcu.externaltools.gnu-tools-for-stm32.7-2018-q2-update.win32_1.4.0.202007081208/tools/bin/../lib/gcc/arm-none-eabi/7.3.1/thumb/v7-m/crtn.o
                0x0000000008001178                . = ALIGN (0x4)
                0x0000000008001178                _etext = .

.vfp11_veneer   0x0000000008001178        0x0
 .vfp11_veneer  0x0000000008001178        0x0 linker stubs

.v4_bx          0x0000000008001178        0x0
 .v4_bx         0x0000000008001178        0x0 linker stubs

.iplt           0x0000000008001178        0x0
 .iplt          0x0000000008001178        0x0 c:/st/stm32cubeide_1.4.0/stm32cubeide/plugins/com.st.stm32cube.ide.mcu.externaltools.gnu-tools-for-stm32.7-2018-q2-update.win32_1.4.0.202007081208/tools/bin/../lib/gcc/arm-none-eabi/7.3.1/thumb/v7-m/crtbegin.o

.rodata         0x0000000008001178       0x18
                0x0000000008001178                . = ALIGN (0x4)
 *(.rodata)
 .rodata        0x0000000008001178       0x18 Src/main.o
 *(.rodata*)
                0x0000000008001190                . = ALIGN (0x4)

.rel.dyn        0x0000000008001190        0x0
 .rel.iplt      0x0000000008001190        0x0 c:/st/stm32cubeide_1.4.0/stm32cubeide/plugins/com.st.stm32cube.ide.mcu.externaltools.gnu-tools-for-stm32.7-2018-q2-update.win32_1.4.0.202007081208/tools/bin/../lib/gcc/arm-none-eabi/7.3.1/thumb/v7-m/crtbegin.o

.ARM.extab      0x0000000008001190        0x0
                0x0000000008001190                . = ALIGN (0x4)
 *(.ARM.extab* .gnu.linkonce.armextab.*)
                0x0000000008001190                . = ALIGN (0x4)

.ARM            0x0000000008001190        0x0
                0x0000000008001190                . = ALIGN (0x4)
                0x0000000008001190                __exidx_start = .
 *(.ARM.exidx*)
                0x0000000008001190                __exidx_end = .
                0x0000000008001190                . = ALIGN (0x4)

.preinit_array  0x0000000008001190        0x0
                0x0000000008001190                . = ALIGN (0x4)
                0x0000000008001190                PROVIDE (__preinit_array_start = .)
 *(.preinit_array*)
                0x0000000008001190                PROVIDE (__preinit_array_end = .)
                0x0000000008001190                . = ALIGN (0x4)

.init_array     0x0000000008001190        0x4
                0x0000000008001190                . = ALIGN (0x4)
                0x0000000008001190                PROVIDE (__init_array_start = .)
 *(SORT_BY_NAME(.init_array.*))
 *(.init_array*)
 .init_array    0x0000000008001190        0x4 c:/st/stm32cubeide_1.4.0/stm32cubeide/plugins/com.st.stm32cube.ide.mcu.externaltools.gnu-tools-for-stm32.7-2018-q2-update.win32_1.4.0.202007081208/tools/bin/../lib/gcc/arm-none-eabi/7.3.1/thumb/v7-m/crtbegin.o
                0x0000000008001194                PROVIDE (__init_array_end = .)
                0x0000000008001194                . = ALIGN (0x4)

.fini_array     0x0000000008001194        0x4
                0x0000000008001194                . = ALIGN (0x4)
                [!provide]                        PROVIDE (__fini_array_start = .)
 *(SORT_BY_NAME(.fini_array.*))
 *(.fini_array*)
 .fini_array    0x0000000008001194        0x4 c:/st/stm32cubeide_1.4.0/stm32cubeide/plugins/com.st.stm32cube.ide.mcu.externaltools.gnu-tools-for-stm32.7-2018-q2-update.win32_1.4.0.202007081208/tools/bin/../lib/gcc/arm-none-eabi/7.3.1/thumb/v7-m/crtbegin.o
                [!provide]                        PROVIDE (__fini_array_end = .)
                0x0000000008001198                . = ALIGN (0x4)
                0x0000000008001198                _sidata = LOADADDR (.data)

.data           0x0000000020000000        0x0 load address 0x0000000008001198
                0x0000000020000000                . = ALIGN (0x4)
                0x0000000020000000                _sdata = .
 *(.data)
 *(.data*)
                0x0000000020000000                . = ALIGN (0x4)
                0x0000000020000000                _edata = .

.igot.plt       0x0000000020000000        0x0 load address 0x0000000008001198
 .igot.plt      0x0000000020000000        0x0 c:/st/stm32cubeide_1.4.0/stm32cubeide/plugins/com.st.stm32cube.ide.mcu.externaltools.gnu-tools-for-stm32.7-2018-q2-update.win32_1.4.0.202007081208/tools/bin/../lib/gcc/arm-none-eabi/7.3.1/thumb/v7-m/crtbegin.o
                0x0000000020000000                . = ALIGN (0x4)

.bss            0x0000000020000000       0x5c load address 0x0000000008001198
                0x0000000020000000                _sbss = .
                0x0000000020000000                __bss_start__ = _sbss
 *(.bss)
 .bss           0x0000000020000000       0x1c c:/st/stm32cubeide_1.4.0/stm32cubeide/plugins/com.st.stm32cube.ide.mcu.externaltools.gnu-tools-for-stm32.7-2018-q2-update.win32_1.4.0.202007081208/tools/bin/../lib/gcc/arm-none-eabi/7.3.1/thumb/v7-m/crtbegin.o
 *(.bss*)
 .bss.locx      0x000000002000001c        0x1 LCD/LCD.o
                0x000000002000001c                locx
 .bss.locy      0x000000002000001d        0x1 LCD/LCD.o
                0x000000002000001d                locy
 .bss.flag      0x000000002000001e        0x1 Src/main.o
                0x000000002000001e                flag
 *(COMMON)
 *fill*         0x000000002000001f        0x1 
 COMMON         0x0000000020000020       0x3c EXTI/EXTI.o
                0x0000000020000020                EXTI_GPTF
                0x000000002000005c                . = ALIGN (0x4)
                0x000000002000005c                _ebss = .
                0x000000002000005c                __bss_end__ = _ebss

._user_heap_stack
                0x000000002000005c      0x604 load address 0x0000000008001198
                0x0000000020000060                . = ALIGN (0x8)
 *fill*         0x000000002000005c        0x4 
                [!provide]                        PROVIDE (end = .)
                0x0000000020000060                PROVIDE (_end = .)
                0x0000000020000260                . = (. + _Min_Heap_Size)
 *fill*         0x0000000020000060      0x200 
                0x0000000020000660                . = (. + _Min_Stack_Size)
 *fill*         0x0000000020000260      0x400 
                0x0000000020000660                . = ALIGN (0x8)

/DISCARD/
 libc.a(*)
 libm.a(*)
 libgcc.a(*)

.ARM.attributes
                0x0000000000000000       0x29
 *(.ARM.attributes)
 .ARM.attributes
                0x0000000000000000       0x1d c:/st/stm32cubeide_1.4.0/stm32cubeide/plugins/com.st.stm32cube.ide.mcu.externaltools.gnu-tools-for-stm32.7-2018-q2-update.win32_1.4.0.202007081208/tools/bin/../lib/gcc/arm-none-eabi/7.3.1/thumb/v7-m/crti.o
 .ARM.attributes
                0x000000000000001d       0x2d c:/st/stm32cubeide_1.4.0/stm32cubeide/plugins/com.st.stm32cube.ide.mcu.externaltools.gnu-tools-for-stm32.7-2018-q2-update.win32_1.4.0.202007081208/tools/bin/../lib/gcc/arm-none-eabi/7.3.1/thumb/v7-m/crtbegin.o
 .ARM.attributes
                0x000000000000004a       0x33 EXTI/EXTI.o
 .ARM.attributes
                0x000000000000007d       0x33 GPIO/GPIO.o
 .ARM.attributes
                0x00000000000000b0       0x33 LCD/LCD.o
 .ARM.attributes
                0x00000000000000e3       0x33 Src/main.o
 .ARM.attributes
                0x0000000000000116       0x21 Startup/startup_stm32f103c6tx.o
 .ARM.attributes
                0x0000000000000137       0x2d c:/st/stm32cubeide_1.4.0/stm32cubeide/plugins/com.st.stm32cube.ide.mcu.externaltools.gnu-tools-for-stm32.7-2018-q2-update.win32_1.4.0.202007081208/tools/bin/../lib/gcc/arm-none-eabi/7.3.1/../../../../arm-none-eabi/lib/thumb/v7-m\libc_nano.a(lib_a-init.o)
 .ARM.attributes
                0x0000000000000164       0x1d c:/st/stm32cubeide_1.4.0/stm32cubeide/plugins/com.st.stm32cube.ide.mcu.externaltools.gnu-tools-for-stm32.7-2018-q2-update.win32_1.4.0.202007081208/tools/bin/../lib/gcc/arm-none-eabi/7.3.1/thumb/v7-m/crtn.o
OUTPUT(EXTI_DRIVER.elf elf32-littlearm)

.debug_info     0x0000000000000000     0x22d4
 .debug_info    0x0000000000000000      0x4db EXTI/EXTI.o
 .debug_info    0x00000000000004db      0x508 GPIO/GPIO.o
 .debug_info    0x00000000000009e3      0xcc0 LCD/LCD.o
 .debug_info    0x00000000000016a3      0xc0f Src/main.o
 .debug_info    0x00000000000022b2       0x22 Startup/startup_stm32f103c6tx.o

.debug_abbrev   0x0000000000000000      0x669
 .debug_abbrev  0x0000000000000000      0x137 EXTI/EXTI.o
 .debug_abbrev  0x0000000000000137      0x146 GPIO/GPIO.o
 .debug_abbrev  0x000000000000027d      0x203 LCD/LCD.o
 .debug_abbrev  0x0000000000000480      0x1d7 Src/main.o
 .debug_abbrev  0x0000000000000657       0x12 Startup/startup_stm32f103c6tx.o

.debug_loc      0x0000000000000000      0xaec
 .debug_loc     0x0000000000000000      0x370 EXTI/EXTI.o
 .debug_loc     0x0000000000000370      0x3d0 GPIO/GPIO.o
 .debug_loc     0x0000000000000740      0x2c0 LCD/LCD.o
 .debug_loc     0x0000000000000a00       0xec Src/main.o

.debug_aranges  0x0000000000000000      0x1c0
 .debug_aranges
                0x0000000000000000       0x88 EXTI/EXTI.o
 .debug_aranges
                0x0000000000000088       0x70 GPIO/GPIO.o
 .debug_aranges
                0x00000000000000f8       0x68 LCD/LCD.o
 .debug_aranges
                0x0000000000000160       0x38 Src/main.o
 .debug_aranges
                0x0000000000000198       0x28 Startup/startup_stm32f103c6tx.o

.debug_ranges   0x0000000000000000      0x178
 .debug_ranges  0x0000000000000000       0x78 EXTI/EXTI.o
 .debug_ranges  0x0000000000000078       0x60 GPIO/GPIO.o
 .debug_ranges  0x00000000000000d8       0x58 LCD/LCD.o
 .debug_ranges  0x0000000000000130       0x28 Src/main.o
 .debug_ranges  0x0000000000000158       0x20 Startup/startup_stm32f103c6tx.o

.debug_macro    0x0000000000000000     0x2acb
 .debug_macro   0x0000000000000000       0xb1 EXTI/EXTI.o
 .debug_macro   0x00000000000000b1      0xa60 EXTI/EXTI.o
 .debug_macro   0x0000000000000b11       0x3a EXTI/EXTI.o
 .debug_macro   0x0000000000000b4b       0x22 EXTI/EXTI.o
 .debug_macro   0x0000000000000b6d       0x22 EXTI/EXTI.o
 .debug_macro   0x0000000000000b8f       0x8e EXTI/EXTI.o
 .debug_macro   0x0000000000000c1d       0x51 EXTI/EXTI.o
 .debug_macro   0x0000000000000c6e       0xef EXTI/EXTI.o
 .debug_macro   0x0000000000000d5d       0x6a EXTI/EXTI.o
 .debug_macro   0x0000000000000dc7      0x1df EXTI/EXTI.o
 .debug_macro   0x0000000000000fa6       0x16 EXTI/EXTI.o
 .debug_macro   0x0000000000000fbc      0x235 EXTI/EXTI.o
 .debug_macro   0x00000000000011f1       0xd0 EXTI/EXTI.o
 .debug_macro   0x00000000000012c1      0x20b EXTI/EXTI.o
 .debug_macro   0x00000000000014cc       0xa2 GPIO/GPIO.o
 .debug_macro   0x000000000000156e       0xca GPIO/GPIO.o
 .debug_macro   0x0000000000001638      0x27c LCD/LCD.o
 .debug_macro   0x00000000000018b4       0x46 LCD/LCD.o
 .debug_macro   0x00000000000018fa       0x18 LCD/LCD.o
 .debug_macro   0x0000000000001912       0x3c LCD/LCD.o
 .debug_macro   0x000000000000194e       0x34 LCD/LCD.o
 .debug_macro   0x0000000000001982       0x16 LCD/LCD.o
 .debug_macro   0x0000000000001998       0x97 LCD/LCD.o
 .debug_macro   0x0000000000001a2f      0x330 LCD/LCD.o
 .debug_macro   0x0000000000001d5f       0xfd LCD/LCD.o
 .debug_macro   0x0000000000001e5c       0x10 LCD/LCD.o
 .debug_macro   0x0000000000001e6c       0x52 LCD/LCD.o
 .debug_macro   0x0000000000001ebe       0x1f LCD/LCD.o
 .debug_macro   0x0000000000001edd       0x43 LCD/LCD.o
 .debug_macro   0x0000000000001f20       0x20 LCD/LCD.o
 .debug_macro   0x0000000000001f40      0x1a3 LCD/LCD.o
 .debug_macro   0x00000000000020e3       0x10 LCD/LCD.o
 .debug_macro   0x00000000000020f3       0x1c LCD/LCD.o
 .debug_macro   0x000000000000210f       0x52 LCD/LCD.o
 .debug_macro   0x0000000000002161       0x40 LCD/LCD.o
 .debug_macro   0x00000000000021a1       0x10 LCD/LCD.o
 .debug_macro   0x00000000000021b1       0x40 LCD/LCD.o
 .debug_macro   0x00000000000021f1       0xd7 LCD/LCD.o
 .debug_macro   0x00000000000022c8       0x1c LCD/LCD.o
 .debug_macro   0x00000000000022e4       0x3d LCD/LCD.o
 .debug_macro   0x0000000000002321       0x16 LCD/LCD.o
 .debug_macro   0x0000000000002337      0x145 LCD/LCD.o
 .debug_macro   0x000000000000247c       0x16 LCD/LCD.o
 .debug_macro   0x0000000000002492       0x35 LCD/LCD.o
 .debug_macro   0x00000000000024c7       0x16 LCD/LCD.o
 .debug_macro   0x00000000000024dd       0x29 LCD/LCD.o
 .debug_macro   0x0000000000002506       0x16 LCD/LCD.o
 .debug_macro   0x000000000000251c       0x20 LCD/LCD.o
 .debug_macro   0x000000000000253c       0xb2 LCD/LCD.o
 .debug_macro   0x00000000000025ee      0x28c Src/main.o
 .debug_macro   0x000000000000287a      0x211 Src/main.o
 .debug_macro   0x0000000000002a8b       0x40 Src/main.o

.debug_line     0x0000000000000000     0x21c2
 .debug_line    0x0000000000000000      0x762 EXTI/EXTI.o
 .debug_line    0x0000000000000762      0x620 GPIO/GPIO.o
 .debug_line    0x0000000000000d82      0x9c6 LCD/LCD.o
 .debug_line    0x0000000000001748      0x9f6 Src/main.o
 .debug_line    0x000000000000213e       0x84 Startup/startup_stm32f103c6tx.o

.debug_str      0x0000000000000000     0xa942
 .debug_str     0x0000000000000000     0x5ed3 EXTI/EXTI.o
                                       0x6050 (size before relaxing)
 .debug_str     0x0000000000005ed3      0x160 GPIO/GPIO.o
                                       0x4f89 (size before relaxing)
 .debug_str     0x0000000000006033     0x481a LCD/LCD.o
                                       0x9755 (size before relaxing)
 .debug_str     0x000000000000a84d       0xc4 Src/main.o
                                       0xa77d (size before relaxing)
 .debug_str     0x000000000000a911       0x31 Startup/startup_stm32f103c6tx.o
                                         0xbe (size before relaxing)

.comment        0x0000000000000000       0x7b
 .comment       0x0000000000000000       0x7b EXTI/EXTI.o
                                         0x7c (size before relaxing)
 .comment       0x000000000000007b       0x7c GPIO/GPIO.o
 .comment       0x000000000000007b       0x7c LCD/LCD.o
 .comment       0x000000000000007b       0x7c Src/main.o

.debug_frame    0x0000000000000000      0x5b8
 .debug_frame   0x0000000000000000      0x1d4 EXTI/EXTI.o
 .debug_frame   0x00000000000001d4      0x1c0 GPIO/GPIO.o
 .debug_frame   0x0000000000000394      0x16c LCD/LCD.o
 .debug_frame   0x0000000000000500       0x8c Src/main.o
 .debug_frame   0x000000000000058c       0x2c c:/st/stm32cubeide_1.4.0/stm32cubeide/plugins/com.st.stm32cube.ide.mcu.externaltools.gnu-tools-for-stm32.7-2018-q2-update.win32_1.4.0.202007081208/tools/bin/../lib/gcc/arm-none-eabi/7.3.1/../../../../arm-none-eabi/lib/thumb/v7-m\libc_nano.a(lib_a-init.o)
