
Allocating common symbols
Common symbol       size              file

bss                 0x4               main.o

Memory Configuration

Name             Origin             Length             Attributes
flash            0x08000000         0x00020000         xr
sram             0x20000000         0x00005000         xrw
*default*        0x00000000         0xffffffff

Linker script and memory map


.text           0x08000000      0x12c
 *(.vectors*)
 .vectors       0x08000000       0x1c startup.o
                0x08000000                vectors
 *(.text*)
 .text          0x0800001c       0x7c main.o
                0x0800001c                main
 .text          0x08000098       0x90 startup.o
                0x08000098                Reset_Handler
                0x0800011c                MM_Fault_Handler
                0x0800011c                Bus_Fault_Handler
                0x0800011c                Default_Handler
                0x0800011c                Usage_Fault_Handler
                0x0800011c                Hard_Fault_Handler
                0x0800011c                NMI_Handler
 *(.rodata)
 .rodata        0x08000128        0x4 main.o
                0x08000128                rodata
                0x0800012c                Etext = .

.glue_7         0x0800012c        0x0
 .glue_7        0x0800012c        0x0 linker stubs

.glue_7t        0x0800012c        0x0
 .glue_7t       0x0800012c        0x0 linker stubs

.vfp11_veneer   0x0800012c        0x0
 .vfp11_veneer  0x0800012c        0x0 linker stubs

.v4_bx          0x0800012c        0x0
 .v4_bx         0x0800012c        0x0 linker stubs

.iplt           0x0800012c        0x0
 .iplt          0x0800012c        0x0 main.o

.rel.dyn        0x0800012c        0x0
 .rel.iplt      0x0800012c        0x0 main.o

.data           0x20000000        0x4 load address 0x0800012c
                0x20000000                Sdata = .
 *(.data*)
 .data          0x20000000        0x4 main.o
                0x20000000                data
 .data          0x20000004        0x0 startup.o
                0x20000004                . = ALIGN (0x4)
                0x20000004                Edata = .

.igot.plt       0x20000004        0x0 load address 0x08000130
 .igot.plt      0x20000004        0x0 main.o

.bss            0x20000004     0x1004 load address 0x08000130
                0x20000004                Sbss = .
 *(.bss*)
 .bss           0x20000004        0x0 main.o
 .bss           0x20000004        0x0 startup.o
                0x20000004                Ebss = .
                0x20000004                . = ALIGN (0x4)
                0x20001004                . = (. + 0x1000)
 *fill*         0x20000004     0x1000 
                0x20001004                Stack_Pointer = .
 COMMON         0x20001004        0x4 main.o
                0x20001004                bss
LOAD main.o
LOAD startup.o
OUTPUT(toggleLed.elf elf32-littlearm)

.debug_info     0x00000000      0x21b
 .debug_info    0x00000000       0xc5 main.o
 .debug_info    0x000000c5      0x156 startup.o

.debug_abbrev   0x00000000      0x167
 .debug_abbrev  0x00000000       0xa0 main.o
 .debug_abbrev  0x000000a0       0xc7 startup.o

.debug_loc      0x00000000       0xb4
 .debug_loc     0x00000000       0x38 main.o
 .debug_loc     0x00000038       0x7c startup.o

.debug_aranges  0x00000000       0x40
 .debug_aranges
                0x00000000       0x20 main.o
 .debug_aranges
                0x00000020       0x20 startup.o

.debug_line     0x00000000       0xbd
 .debug_line    0x00000000       0x56 main.o
 .debug_line    0x00000056       0x67 startup.o

.debug_str      0x00000000      0x1cd
 .debug_str     0x00000000      0x13b main.o
                                0x140 (size before relaxing)
 .debug_str     0x0000013b       0x92 startup.o
                                0x1b0 (size before relaxing)

.comment        0x00000000       0x7e
 .comment       0x00000000       0x7e main.o
                                 0x7f (size before relaxing)
 .comment       0x0000007e       0x7f startup.o

.ARM.attributes
                0x00000000       0x33
 .ARM.attributes
                0x00000000       0x33 main.o
 .ARM.attributes
                0x00000033       0x33 startup.o

.debug_frame    0x00000000       0x7c
 .debug_frame   0x00000000       0x2c main.o
 .debug_frame   0x0000002c       0x50 startup.o
