
Memory Configuration

Name             Origin             Length             Attributes
Mem              0x00000000         0x04000000         xrw
*default*        0x00000000         0xffffffff

Linker script and memory map

                0x00010000                . = 0x10000

.startup_section
                0x00010000       0x10
 startup.o(.text)
 .text          0x00010000       0x10 startup.o
                0x00010000                reset

.text_section   0x00010010       0x7c
 *(.text)
 .text          0x00010010       0x28 main.o
                0x00010010                main
 .text          0x00010038       0x54 uart.o
                0x00010038                uart_send_string

.rodata         0x0001008c       0x1e
 .rodata        0x0001008c       0x1e main.o

.glue_7         0x000100ac        0x0
 .glue_7        0x000100ac        0x0 linker stubs

.glue_7t        0x000100ac        0x0
 .glue_7t       0x000100ac        0x0 linker stubs

.vfp11_veneer   0x000100ac        0x0
 .vfp11_veneer  0x000100ac        0x0 linker stubs

.v4_bx          0x000100ac        0x0
 .v4_bx         0x000100ac        0x0 linker stubs

.iplt           0x000100ac        0x0
 .iplt          0x000100ac        0x0 startup.o

.igot.plt       0x000100ac        0x0
 .igot.plt      0x000100ac        0x0 startup.o

.rel.dyn        0x000100ac        0x0
 .rel.iplt      0x000100ac        0x0 startup.o

.data_section   0x000100ac        0x4
 *(.data)
 .data          0x000100ac        0x0 startup.o
 .data          0x000100ac        0x4 main.o
                0x000100ac                data
 .data          0x000100b0        0x0 uart.o

.bss_section    0x000100b0        0x0
 *(.bss)
 .bss           0x000100b0        0x0 startup.o
 .bss           0x000100b0        0x0 main.o
 .bss           0x000100b0        0x0 uart.o
                0x000110b0                . = (. + 0x1000)
                0x000110b0                stack_pointer = .
LOAD main.o
LOAD uart.o
LOAD startup.o
OUTPUT(application.elf elf32-littlearm)

.ARM.attributes
                0x00000000       0x2e
 .ARM.attributes
                0x00000000       0x22 startup.o
 .ARM.attributes
                0x00000022       0x32 main.o
 .ARM.attributes
                0x00000054       0x32 uart.o

.comment        0x00000000       0x7e
 .comment       0x00000000       0x7e main.o
                                 0x7f (size before relaxing)
 .comment       0x0000007e       0x7f uart.o

.debug_line     0x00000000      0x1bd
 .debug_line    0x00000000       0x3a startup.o
 .debug_line    0x0000003a      0x134 main.o
 .debug_line    0x0000016e       0x4f uart.o

.debug_info     0x00000000      0x9a5
 .debug_info    0x00000000       0x26 startup.o
 .debug_info    0x00000026      0x8d4 main.o
 .debug_info    0x000008fa       0xab uart.o

.debug_abbrev   0x00000000      0x222
 .debug_abbrev  0x00000000       0x14 startup.o
 .debug_abbrev  0x00000014      0x1a7 main.o
 .debug_abbrev  0x000001bb       0x67 uart.o

.debug_aranges  0x00000000       0x60
 .debug_aranges
                0x00000000       0x20 startup.o
 .debug_aranges
                0x00000020       0x20 main.o
 .debug_aranges
                0x00000040       0x20 uart.o

.debug_str      0x00000000      0x53d
 .debug_str     0x00000000       0x96 startup.o
 .debug_str     0x00000096      0x48f main.o
                                0x570 (size before relaxing)
 .debug_str     0x00000525       0x18 uart.o
                                0x18f (size before relaxing)

.debug_frame    0x00000000       0x5c
 .debug_frame   0x00000000       0x2c main.o
 .debug_frame   0x0000002c       0x30 uart.o
