STM32F103C6.h:142:6:_delay_ms	24	static
GPIO.c:13:7:GPIO_CRLH_PIN	16	static
GPIO.c:63:6:GPIO_INIT	32	static
GPIO.c:110:6:GPIO_DEINIT	16	static
GPIO.c:146:7:GPIO_GET_PIN	16	static
GPIO.c:162:8:GPIO_GET_PORT	16	static
GPIO.c:174:6:GPIO_SET_PIN	16	static
GPIO.c:197:6:GPIO_SET_PORT	16	static
GPIO.c:209:6:GPIO_TOGGLE_PIN	16	static
GPIO.c:221:7:GPIO_LOCK_PIN	24	static
GPIO.c:253:6:GPIO_INPUT_PIN	24	static
GPIO.c:261:6:GPIO_OUTPUT_PIN	24	static
main.c:5:6:CLOCK_init	4	static
main.c:12:6:GPIO_init	16	static
main.c:41:5:main	8	static
